 Rotational constants (GHZ):      3.1988931      3.1988931      1.6580057
 Total atomic charges:
 Electronic spatial extent (au):  <R**2>=   640.3257
 Frequencies --   260.9557               260.9594               367.3603
 Frequencies --   668.1333               737.8525               737.8692
 Frequencies --  1266.1187              1266.1213              3199.0640
 Temperature   298.150 Kelvin.  Pressure   1.00000 Atm.
 Zero-point correction=                           0.019967 (Hartree/Particle)
 Thermal correction to Energy=                    0.024433
 Thermal correction to Enthalpy=                  0.025377
 Thermal correction to Gibbs Free Energy=        -0.008218
 Sum of electronic and zero-point Energies=          -1419.259154
 Sum of electronic and thermal Energies=             -1419.254688
 Sum of electronic and thermal Enthalpies=           -1419.253743
 Sum of electronic and thermal Free Energies=        -1419.287338
                                 (Linear)    (Quad)   (Total)
