 Rotational constants (GHZ):           0.0000000          42.4566386          42.4566386
 Electronic spatial extent (au):  <R**2>=             41.0703
