 Rotational constants (GHZ):      1.5804900      1.5763441      1.1791743
