 Rotational constants (GHZ):      0.2664954      0.1905368      0.1556912
 Polarization charges : Total charges.
 GePol: Total number of spheres                      =      54
 Electronic spatial extent (au):  <R**2>=           8117.3656
                                 (Linear)    (Quad)   (Total)
 Rotational constants (GHZ):      0.2470627      0.1854560      0.1500285
 Polarization charges : Total charges.
 GePol: Total number of spheres                      =      54
                                 (Linear)    (Quad)   (Total)
 Rotational constants (GHZ):      0.2232458      0.1723946      0.1409935
 Polarization charges : Total charges.
 GePol: Total number of spheres                      =      54
                                 (Linear)    (Quad)   (Total)
 Rotational constants (GHZ):      0.2086387      0.1534194      0.1308094
 Polarization charges : Total charges.
 GePol: Total number of spheres                      =      54
                                 (Linear)    (Quad)   (Total)
 Rotational constants (GHZ):      0.2157827      0.1645431      0.1365271
 Polarization charges : Total charges.
 GePol: Total number of spheres                      =      54
                                 (Linear)    (Quad)   (Total)
 Rotational constants (GHZ):      0.1905521      0.1579223      0.1311467
 Polarization charges : Total charges.
 GePol: Total number of spheres                      =      54
                                 (Linear)    (Quad)   (Total)
 Rotational constants (GHZ):      0.1769106      0.1431456      0.1282923
 Polarization charges : Total charges.
 GePol: Total number of spheres                      =      54
                                 (Linear)    (Quad)   (Total)
 Rotational constants (GHZ):      0.1593384      0.1286065      0.1185197
 Polarization charges : Total charges.
 GePol: Total number of spheres                      =      54
                                 (Linear)    (Quad)   (Total)
 Rotational constants (GHZ):      0.1771283      0.1348651      0.1302792
 Polarization charges : Total charges.
 GePol: Total number of spheres                      =      54
                                 (Linear)    (Quad)   (Total)
 Rotational constants (GHZ):      0.1697646      0.1407672      0.1294853
 Polarization charges : Total charges.
 GePol: Total number of spheres                      =      54
                                 (Linear)    (Quad)   (Total)
 Rotational constants (GHZ):      0.1689492      0.1377518      0.1303984
 Polarization charges : Total charges.
 GePol: Total number of spheres                      =      54
                                 (Linear)    (Quad)   (Total)
 Rotational constants (GHZ):      0.1687320      0.1376787      0.1305135
 Polarization charges : Total charges.
 GePol: Total number of spheres                      =      54
                                 (Linear)    (Quad)   (Total)
 Rotational constants (GHZ):      0.1687319      0.1376787      0.1305135
 Polarization charges : Total charges.
 GePol: Total number of spheres                      =      54
                                 (Linear)    (Quad)   (Total)
 Rotational constants (GHZ):      0.1679530      0.1375683      0.1306821
 Polarization charges : Total charges.
 GePol: Total number of spheres                      =      54
                                 (Linear)    (Quad)   (Total)
 Rotational constants (GHZ):      0.1677536      0.1375619      0.1319690
 Polarization charges : Total charges.
 GePol: Total number of spheres                      =      54
                                 (Linear)    (Quad)   (Total)
 Rotational constants (GHZ):      0.1646217      0.1374747      0.1341127
 Polarization charges : Total charges.
 GePol: Total number of spheres                      =      54
                                 (Linear)    (Quad)   (Total)
 Rotational constants (GHZ):      0.1607800      0.1370910      0.1348030
 Polarization charges : Total charges.
 GePol: Total number of spheres                      =      54
                                 (Linear)    (Quad)   (Total)
 Rotational constants (GHZ):      0.1589298      0.1373879      0.1365605
 Polarization charges : Total charges.
 GePol: Total number of spheres                      =      54
                                 (Linear)    (Quad)   (Total)
 Rotational constants (GHZ):      0.1564644      0.1374048      0.1359799
 Polarization charges : Total charges.
 GePol: Total number of spheres                      =      54
                                 (Linear)    (Quad)   (Total)
 Rotational constants (GHZ):      0.1569409      0.1369780      0.1355968
 Polarization charges : Total charges.
 GePol: Total number of spheres                      =      54
                                 (Linear)    (Quad)   (Total)
 Rotational constants (GHZ):      0.1574348      0.1368784      0.1355680
 Polarization charges : Total charges.
 GePol: Total number of spheres                      =      54
                                 (Linear)    (Quad)   (Total)
 Rotational constants (GHZ):      0.1574364      0.1368783      0.1355685
 Polarization charges : Total charges.
 GePol: Total number of spheres                      =      54
                                 (Linear)    (Quad)   (Total)
 Rotational constants (GHZ):      0.1573879      0.1369048      0.1354400
 Polarization charges : Total charges.
 GePol: Total number of spheres                      =      54
                                 (Linear)    (Quad)   (Total)
 Rotational constants (GHZ):      0.1577623      0.1372332      0.1357242
 Polarization charges : Total charges.
 GePol: Total number of spheres                      =      54
                                 (Linear)    (Quad)   (Total)
 Rotational constants (GHZ):      0.1576294      0.1372120      0.1356749
 Polarization charges : Total charges.
 GePol: Total number of spheres                      =      54
                                 (Linear)    (Quad)   (Total)
 Rotational constants (GHZ):      0.1576428      0.1372502      0.1356849
 Polarization charges : Total charges.
 GePol: Total number of spheres                      =      54
                                 (Linear)    (Quad)   (Total)
 Rotational constants (GHZ):      0.1576294      0.1372121      0.1356749
 Polarization charges : Total charges.
 GePol: Total number of spheres                      =      54
                                 (Linear)    (Quad)   (Total)
 Rotational constants (GHZ):      0.1575718      0.1373159      0.1356547
 Polarization charges : Total charges.
 GePol: Total number of spheres                      =      54
                                 (Linear)    (Quad)   (Total)
 Rotational constants (GHZ):      0.1575954      0.1372719      0.1356639
 Polarization charges : Total charges.
 GePol: Total number of spheres                      =      54
                                 (Linear)    (Quad)   (Total)
 Rotational constants (GHZ):      0.1574964      0.1372714      0.1355657
 Polarization charges : Total charges.
 GePol: Total number of spheres                      =      54
                                 (Linear)    (Quad)   (Total)
 Rotational constants (GHZ):      0.1578660      0.1371686      0.1352281
 Polarization charges : Total charges.
 GePol: Total number of spheres                      =      54
                                 (Linear)    (Quad)   (Total)
 Rotational constants (GHZ):      0.1577331      0.1371782      0.1354739
 Polarization charges : Total charges.
 GePol: Total number of spheres                      =      54
                                 (Linear)    (Quad)   (Total)
 Rotational constants (GHZ):      0.1577236      0.1371893      0.1354853
 Polarization charges : Total charges.
 GePol: Total number of spheres                      =      54
                                 (Linear)    (Quad)   (Total)
 Rotational constants (GHZ):      0.1577378      0.1372242      0.1354873
 Polarization charges : Total charges.
 GePol: Total number of spheres                      =      54
                                 (Linear)    (Quad)   (Total)
 Rotational constants (GHZ):      0.1579166      0.1377206      0.1363336
 Polarization charges : Total charges.
 GePol: Total number of spheres                      =      54
                                 (Linear)    (Quad)   (Total)
 Rotational constants (GHZ):      0.1578006      0.1373733      0.1357956
 Polarization charges : Total charges.
 GePol: Total number of spheres                      =      54
                                 (Linear)    (Quad)   (Total)
 Rotational constants (GHZ):      0.1578189      0.1373560      0.1358174
 Polarization charges : Total charges.
 GePol: Total number of spheres                      =      54
                                 (Linear)    (Quad)   (Total)
 Rotational constants (GHZ):      0.1578234      0.1373511      0.1358131
 Polarization charges : Total charges.
 GePol: Total number of spheres                      =      54
                                 (Linear)    (Quad)   (Total)
 Rotational constants (GHZ):      0.1578238      0.1373510      0.1358130
 Polarization charges : Total charges.
 GePol: Total number of spheres                      =      54
                                 (Linear)    (Quad)   (Total)
 Rotational constants (GHZ):      0.1578177      0.1373645      0.1358224
 Polarization charges : Total charges.
 GePol: Total number of spheres                      =      54
                                 (Linear)    (Quad)   (Total)
 Rotational constants (GHZ):      0.1580352      0.1373679      0.1357890
 Polarization charges : Total charges.
 GePol: Total number of spheres                      =      54
                                 (Linear)    (Quad)   (Total)
 Rotational constants (GHZ):      0.1580295      0.1373653      0.1357918
 Polarization charges : Total charges.
 GePol: Total number of spheres                      =      54
                                 (Linear)    (Quad)   (Total)
 Rotational constants (GHZ):      0.1580295      0.1373626      0.1357951
 Polarization charges : Total charges.
 GePol: Total number of spheres                      =      54
                                 (Linear)    (Quad)   (Total)
 Rotational constants (GHZ):      0.1580903      0.1376675      0.1355519
 Polarization charges : Total charges.
 GePol: Total number of spheres                      =      54
                                 (Linear)    (Quad)   (Total)
 Rotational constants (GHZ):      0.1580084      0.1377501      0.1358428
 Polarization charges : Total charges.
 GePol: Total number of spheres                      =      54
                                 (Linear)    (Quad)   (Total)
 Rotational constants (GHZ):      0.1579254      0.1376096      0.1358393
 Polarization charges : Total charges.
 GePol: Total number of spheres                      =      54
                                 (Linear)    (Quad)   (Total)
 Rotational constants (GHZ):      0.1578062      0.1375276      0.1356349
 Polarization charges : Total charges.
 GePol: Total number of spheres                      =      54
                                 (Linear)    (Quad)   (Total)
 Rotational constants (GHZ):      0.1580254      0.1378186      0.1360073
 Polarization charges : Total charges.
 GePol: Total number of spheres                      =      54
                                 (Linear)    (Quad)   (Total)
 Rotational constants (GHZ):      0.1578268      0.1373579      0.1355652
 Polarization charges : Total charges.
 GePol: Total number of spheres                      =      54
                                 (Linear)    (Quad)   (Total)
 Rotational constants (GHZ):      0.1578772      0.1374849      0.1357138
 Polarization charges : Total charges.
 GePol: Total number of spheres                      =      54
                                 (Linear)    (Quad)   (Total)
 Rotational constants (GHZ):      0.1578934      0.1375258      0.1357095
 Polarization charges : Total charges.
 GePol: Total number of spheres                      =      54
                                 (Linear)    (Quad)   (Total)
 Rotational constants (GHZ):      0.1580630      0.1377472      0.1354272
 Polarization charges : Total charges.
 GePol: Total number of spheres                      =      54
                                 (Linear)    (Quad)   (Total)
 Rotational constants (GHZ):      0.1579073      0.1375278      0.1356683
 Polarization charges : Total charges.
 GePol: Total number of spheres                      =      54
                                 (Linear)    (Quad)   (Total)
 Rotational constants (GHZ):      0.1578509      0.1376263      0.1357102
 Polarization charges : Total charges.
 GePol: Total number of spheres                      =      54
                                 (Linear)    (Quad)   (Total)
 Rotational constants (GHZ):      0.1578740      0.1376621      0.1356207
 Polarization charges : Total charges.
 GePol: Total number of spheres                      =      54
                                 (Linear)    (Quad)   (Total)
 Rotational constants (GHZ):      0.1578628      0.1376723      0.1355955
 Polarization charges : Total charges.
 GePol: Total number of spheres                      =      54
                                 (Linear)    (Quad)   (Total)
 Rotational constants (GHZ):      0.1581440      0.1379402      0.1363735
 Polarization charges : Total charges.
 GePol: Total number of spheres                      =      54
                                 (Linear)    (Quad)   (Total)
 Rotational constants (GHZ):      0.1579833      0.1377685      0.1360105
 Polarization charges : Total charges.
 GePol: Total number of spheres                      =      54
                                 (Linear)    (Quad)   (Total)
 Rotational constants (GHZ):      0.1578936      0.1385561      0.1354402
 Polarization charges : Total charges.
 GePol: Total number of spheres                      =      54
                                 (Linear)    (Quad)   (Total)
 Rotational constants (GHZ):      0.1581059      0.1374297      0.1349509
 Polarization charges : Total charges.
 GePol: Total number of spheres                      =      54
                                 (Linear)    (Quad)   (Total)
 Rotational constants (GHZ):      0.1620026      0.1394848      0.1308180
 Polarization charges : Total charges.
 GePol: Total number of spheres                      =      54
                                 (Linear)    (Quad)   (Total)
 Rotational constants (GHZ):      0.1597236      0.1391711      0.1316209
 Polarization charges : Total charges.
 GePol: Total number of spheres                      =      54
                                 (Linear)    (Quad)   (Total)
 Rotational constants (GHZ):      0.1580372      0.1392235      0.1324669
 Polarization charges : Total charges.
 GePol: Total number of spheres                      =      54
                                 (Linear)    (Quad)   (Total)
 Rotational constants (GHZ):      0.1585451      0.1376335      0.1356453
 Polarization charges : Total charges.
 GePol: Total number of spheres                      =      54
                                 (Linear)    (Quad)   (Total)
 Rotational constants (GHZ):      0.1586899      0.1377120      0.1358765
 Polarization charges : Total charges.
 GePol: Total number of spheres                      =      54
                                 (Linear)    (Quad)   (Total)
 Rotational constants (GHZ):      0.1589940      0.1378990      0.1357721
 Polarization charges : Total charges.
 GePol: Total number of spheres                      =      54
                                 (Linear)    (Quad)   (Total)
 Rotational constants (GHZ):      0.1589977      0.1379002      0.1357737
 Polarization charges : Total charges.
 GePol: Total number of spheres                      =      54
                                 (Linear)    (Quad)   (Total)
 Rotational constants (GHZ):      0.1637813      0.1369313      0.1292328
 Polarization charges : Total charges.
 GePol: Total number of spheres                      =      54
                                 (Linear)    (Quad)   (Total)
 Rotational constants (GHZ):      0.1589818      0.1378725      0.1357220
 Polarization charges : Total charges.
 GePol: Total number of spheres                      =      54
                                 (Linear)    (Quad)   (Total)
 Rotational constants (GHZ):      0.1590131      0.1378917      0.1357410
 Polarization charges : Total charges.
 GePol: Total number of spheres                      =      54
                                 (Linear)    (Quad)   (Total)
 Rotational constants (GHZ):      0.1605451      0.1394965      0.1377072
 Polarization charges : Total charges.
 GePol: Total number of spheres                      =      54
                                 (Linear)    (Quad)   (Total)
 Rotational constants (GHZ):      0.1606965      0.1399233      0.1377723
 Polarization charges : Total charges.
 GePol: Total number of spheres                      =      54
                                 (Linear)    (Quad)   (Total)
 Rotational constants (GHZ):      0.1606968      0.1399236      0.1377724
 Polarization charges : Total charges.
 GePol: Total number of spheres                      =      54
                                 (Linear)    (Quad)   (Total)
 Rotational constants (GHZ):      0.1607972      0.1405055      0.1377643
 Polarization charges : Total charges.
 GePol: Total number of spheres                      =      54
                                 (Linear)    (Quad)   (Total)
 Rotational constants (GHZ):      0.1607972      0.1405055      0.1377643
 Polarization charges : Total charges.
 GePol: Total number of spheres                      =      54
                                 (Linear)    (Quad)   (Total)
 Rotational constants (GHZ):      0.1608210      0.1408168      0.1377248
 Polarization charges : Total charges.
 GePol: Total number of spheres                      =      54
