 Rotational constants (GHZ):      1.1834219      1.1834218      1.1834214
 Polarization charges : Total charges.
 GePol: Total number of spheres                      =       5
 Electronic spatial extent (au):  <R**2>=           4025.1223
                                 (Linear)    (Quad)   (Total)
 Rotational constants (GHZ):      1.1211051      1.0933632      1.0907473
 Polarization charges : Total charges.
 GePol: Total number of spheres                      =       5
                                 (Linear)    (Quad)   (Total)
 Rotational constants (GHZ):      1.0492871      0.9694031      0.9621164
 Polarization charges : Total charges.
 GePol: Total number of spheres                      =       5
                                 (Linear)    (Quad)   (Total)
 Rotational constants (GHZ):      1.0628268      0.9723577      0.9612735
 Polarization charges : Total charges.
 GePol: Total number of spheres                      =       5
                                 (Linear)    (Quad)   (Total)
 Rotational constants (GHZ):      1.0944624      0.9765520      0.9503864
 Polarization charges : Total charges.
 GePol: Total number of spheres                      =       5
                                 (Linear)    (Quad)   (Total)
 Rotational constants (GHZ):      1.1360190      0.9800443      0.9294206
 Polarization charges : Total charges.
 GePol: Total number of spheres                      =       5
                                 (Linear)    (Quad)   (Total)
 Rotational constants (GHZ):      1.1325236      0.9787295      0.9251715
 Polarization charges : Total charges.
 GePol: Total number of spheres                      =       5
                                 (Linear)    (Quad)   (Total)
 Rotational constants (GHZ):      1.1297035      0.9799125      0.9191886
 Polarization charges : Total charges.
 GePol: Total number of spheres                      =       5
                                 (Linear)    (Quad)   (Total)
 Rotational constants (GHZ):      1.1293271      0.9825095      0.9192761
 Polarization charges : Total charges.
 GePol: Total number of spheres                      =       5
                                 (Linear)    (Quad)   (Total)
 Rotational constants (GHZ):      1.1293271      0.9825095      0.9192761
 Electronic spatial extent (au):  <R**2>=           4261.2981
 Rotational constants (GHZ):      1.1293271      0.9825095      0.9192761
 Polarization charges : Total charges.
 GePol: Total number of spheres                      =       5
 Electronic spatial extent (au):  <R**2>=           1519.7119
 Frequencies --     77.1886                78.3453                95.1516
 Frequencies --    117.7066               123.2362               238.4275
 Frequencies --    252.9847               267.8975               270.7431
 Temperature   298.150 Kelvin.  Pressure   1.00000 Atm.
 Rotational symmetry number  1.
 Rotational temperatures (Kelvin)      0.05420     0.04715     0.04412
 Rotational constants (GHZ):           1.12933     0.98251     0.91928
 Vibrational temperatures:    111.06   112.72   136.90   169.35   177.31
 Zero-point correction=                           0.003467 (Hartree/Particle)
 Thermal correction to Energy=                    0.011897
 Thermal correction to Enthalpy=                  0.012841
 Thermal correction to Gibbs Free Energy=        -0.033924
 Sum of electronic and zero-point Energies=          -3349.814800
 Sum of electronic and thermal Energies=             -3349.806370
 Sum of electronic and thermal Enthalpies=           -3349.805426
 Sum of electronic and thermal Free Energies=        -3349.852191
 Total                    7.465             22.705             98.425
 Electronic               0.000              0.000              2.183
 Translational            0.889              2.981             41.751
 Rotational               0.889              2.981             30.134
 Vibrational              5.688             16.744             24.356
 Total Bot       0.401663D+16         15.603861         35.929219
 Total V=0       0.157908D+18         17.198404         39.600788
 Electronic      0.300000D+01          0.477121          1.098612
 Translational   0.109353D+09          8.038830         18.510090
 Rotational      0.859345D+06          5.934168         13.663926
                                 (Linear)    (Quad)   (Total)
