 Entering Gaussian System, Link 0=g09
 Initial command:
 /usr/local/Gaussian/gaussian-09-D01-sse4_2/g09/l1.exe "/tmp/Gau-5785.inp" -scrdir="/tmp/"
 Default linda workers:  node-010
 Default is to use   4 SMP processors on each worker.
 Entering Link 1 = /usr/local/Gaussian/gaussian-09-D01-sse4_2/g09/l1.exe PID=      5786.
  
 Copyright (c) 1988,1990,1992,1993,1995,1998,2003,2009,2013,
            Gaussian, Inc.  All Rights Reserved.
  
 This is part of the Gaussian(R) 09 program.  It is based on
 the Gaussian(R) 03 system (copyright 2003, Gaussian, Inc.),
 the Gaussian(R) 98 system (copyright 1998, Gaussian, Inc.),
 the Gaussian(R) 94 system (copyright 1995, Gaussian, Inc.),
 the Gaussian 92(TM) system (copyright 1992, Gaussian, Inc.),
 the Gaussian 90(TM) system (copyright 1990, Gaussian, Inc.),
 the Gaussian 88(TM) system (copyright 1988, Gaussian, Inc.),
 the Gaussian 86(TM) system (copyright 1986, Carnegie Mellon
 University), and the Gaussian 82(TM) system (copyright 1983,
 Carnegie Mellon University). Gaussian is a federally registered
 trademark of Gaussian, Inc.
  
 This software contains proprietary and confidential information,
 including trade secrets, belonging to Gaussian, Inc.
  
 This software is provided under written license and may be
 used, copied, transmitted, or stored only in accord with that
 written license.
  
 The following legend is applicable only to US Government
 contracts under FAR:
  
                    RESTRICTED RIGHTS LEGEND
  
 Use, reproduction and disclosure by the US Government is
 subject to restrictions as set forth in subparagraphs (a)
 and (c) of the Commercial Computer Software - Restricted
 Rights clause in FAR 52.227-19.
  
 Gaussian, Inc.
 340 Quinnipiac St., Bldg. 40, Wallingford CT 06492
  
  
 ---------------------------------------------------------------
 Warning -- This program may not be used in any manner that
 competes with the business of Gaussian, Inc. or will provide
 assistance to any competitor of Gaussian, Inc.  The licensee
 of this program is prohibited from giving any competitor of
 Gaussian, Inc. access to this program.  By using this program,
 the user acknowledges that Gaussian, Inc. is engaged in the
 business of creating and licensing software in the field of
 computational chemistry and represents and warrants to the
 licensee that it is not a competitor of Gaussian, Inc. and that
 it will not use this program in any manner prohibited above.
 ---------------------------------------------------------------
  

 Cite this work as:
 Gaussian 09, Revision D.01,
 M. J. Frisch, G. W. Trucks, H. B. Schlegel, G. E. Scuseria, 
 M. A. Robb, J. R. Cheeseman, G. Scalmani, V. Barone, B. Mennucci, 
 G. A. Petersson, H. Nakatsuji, M. Caricato, X. Li, H. P. Hratchian, 
 A. F. Izmaylov, J. Bloino, G. Zheng, J. L. Sonnenberg, M. Hada, 
 M. Ehara, K. Toyota, R. Fukuda, J. Hasegawa, M. Ishida, T. Nakajima, 
 Y. Honda, O. Kitao, H. Nakai, T. Vreven, J. A. Montgomery, Jr., 
 J. E. Peralta, F. Ogliaro, M. Bearpark, J. J. Heyd, E. Brothers, 
 K. N. Kudin, V. N. Staroverov, T. Keith, R. Kobayashi, J. Normand, 
 K. Raghavachari, A. Rendell, J. C. Burant, S. S. Iyengar, J. Tomasi, 
 M. Cossi, N. Rega, J. M. Millam, M. Klene, J. E. Knox, J. B. Cross, 
 V. Bakken, C. Adamo, J. Jaramillo, R. Gomperts, R. E. Stratmann, 
 O. Yazyev, A. J. Austin, R. Cammi, C. Pomelli, J. W. Ochterski, 
 R. L. Martin, K. Morokuma, V. G. Zakrzewski, G. A. Voth, 
 P. Salvador, J. J. Dannenberg, S. Dapprich, A. D. Daniels, 
 O. Farkas, J. B. Foresman, J. V. Ortiz, J. Cioslowski, 
 and D. J. Fox, Gaussian, Inc., Wallingford CT, 2013.
 
 ******************************************
 Gaussian 09:  ES64L-G09RevD.01 24-Apr-2013
                21-May-2016 
 ******************************************
 %chk=NiDMSO.chk
 %mem=24GB
 SetLPE:  input flags="-opt "Tsnet.Node.lindarsharg: ssh" "
 SetLPE:    new flags="-opt "Tsnet.Node.lindarsharg: ssh"  -nodelist 'node-010.eth.hpc.cc.spbu.ru'"
 Will use up to    1 processors via Linda.
 ----------------------------------------------------------------------
 #P B3LYP/Def2TZVP Opt(MaxCycles=1000) Freq SCF=XQC SCRF(CPCM,Solvent=D
 iMethylSulfoxide)
 ----------------------------------------------------------------------
 1/6=1000,14=-1,18=20,19=15,26=3,38=1/1,3;
 2/9=110,12=2,17=6,18=5,40=1/2;
 3/5=44,7=101,11=2,16=1,25=1,30=1,70=2101,71=1,72=21,74=-5/1,2,3;
 4//1;
 5/5=2,8=3,13=1,38=5,53=21/2,8;
 6/7=2,8=2,9=2,10=2,28=1/1;
 7//1,2,3,16;
 1/6=1000,14=-1,18=20,19=15,26=3/3(2);
 2/9=110/2;
 99//99;
 2/9=110/2;
 3/5=44,7=101,11=2,16=1,25=1,30=1,70=2105,71=1,72=21,74=-5/1,2,3;
 4/5=5,16=3,69=1/1;
 5/5=2,8=3,13=1,38=5,53=21/2,8;
 7//1,2,3,16;
 1/6=1000,14=-1,18=20,19=15,26=3/3(-5);
 2/9=110/2;
 6/7=2,8=2,9=2,10=2,19=2,28=1/1;
 99/9=1/99;
 Leave Link    1 at Sat May 21 20:33:47 2016, MaxMem=  3221225472 cpu:         0.2
 (Enter /usr/local/Gaussian/gaussian-09-D01-sse4_2/g09/l101.exe)
 ----------------------------------------------------------------------
 Preliminary low-level optimization and frequencies (high-spin, octahed
 ral)
 ----------------------------------------------------------------------
 Symbolic Z-matrix:
 Charge =  2 Multiplicity = 3
 Ni                    0.11216  -0.35426  -0.20723 
 Cl                    0.85519   0.33252   1.67847 
 Cl                   -1.99867  -0.67739  -0.06734 
 Cl                    1.08154  -2.18894  -0.73053 
 O                     0.44916   0.88995  -1.47786 
 H                     1.40916   0.88995  -1.47786 
 H                     0.1287    1.79488  -1.47786 
 
 NAtoms=      7 NQM=        7 NQMF=       0 NMMI=      0 NMMIF=      0
                NMic=       0 NMicF=      0.
                    Isotopes and Nuclear Properties:
 (Nuclear quadrupole moments (NQMom) in fm**2, nuclear magnetic moments (NMagM)
  in nuclear magnetons)

  Atom         1           2           3           4           5           6           7
 IAtWgt=          58          35          35          35          16           1           1
 AtmWgt=  57.9353471  34.9688527  34.9688527  34.9688527  15.9949146   1.0078250   1.0078250
 NucSpn=           0           3           3           3           0           1           1
 AtZEff=   0.0000000   0.0000000   0.0000000   0.0000000   0.0000000   0.0000000   0.0000000
 NQMom=    0.0000000  -8.1650000  -8.1650000  -8.1650000   0.0000000   0.0000000   0.0000000
 NMagM=    0.0000000   0.8218740   0.8218740   0.8218740   0.0000000   2.7928460   2.7928460
 AtZNuc=  28.0000000  17.0000000  17.0000000  17.0000000   8.0000000   1.0000000   1.0000000
 Leave Link  101 at Sat May 21 20:33:47 2016, MaxMem=  3221225472 cpu:         1.3
 (Enter /usr/local/Gaussian/gaussian-09-D01-sse4_2/g09/l103.exe)

 GradGradGradGradGradGradGradGradGradGradGradGradGradGradGradGradGradGrad
 Berny optimization.
 Initialization pass.
                           ----------------------------
                           !    Initial Parameters    !
                           ! (Angstroms and Degrees)  !
 --------------------------                            --------------------------
 ! Name  Definition              Value          Derivative Info.                !
 --------------------------------------------------------------------------------
 ! R1    R(1,2)                  2.14           estimate D2E/DX2                !
 ! R2    R(1,3)                  2.14           estimate D2E/DX2                !
 ! R3    R(1,4)                  2.14           estimate D2E/DX2                !
 ! R4    R(1,5)                  1.81           estimate D2E/DX2                !
 ! R5    R(5,6)                  0.96           estimate D2E/DX2                !
 ! R6    R(5,7)                  0.96           estimate D2E/DX2                !
 ! A1    A(2,1,3)              109.4712         estimate D2E/DX2                !
 ! A2    A(2,1,4)              109.4712         estimate D2E/DX2                !
 ! A3    A(2,1,5)              109.4713         estimate D2E/DX2                !
 ! A4    A(3,1,4)              109.4712         estimate D2E/DX2                !
 ! A5    A(3,1,5)              109.4712         estimate D2E/DX2                !
 ! A6    A(4,1,5)              109.4712         estimate D2E/DX2                !
 ! A7    A(1,5,6)              100.7302         estimate D2E/DX2                !
 ! A8    A(1,5,7)              125.8614         estimate D2E/DX2                !
 ! A9    A(6,5,7)              109.5            estimate D2E/DX2                !
 ! D1    D(2,1,5,6)             63.7799         estimate D2E/DX2                !
 ! D2    D(2,1,5,7)            -60.0132         estimate D2E/DX2                !
 ! D3    D(3,1,5,6)           -176.2201         estimate D2E/DX2                !
 ! D4    D(3,1,5,7)             59.9868         estimate D2E/DX2                !
 ! D5    D(4,1,5,6)            -56.2201         estimate D2E/DX2                !
 ! D6    D(4,1,5,7)            179.9868         estimate D2E/DX2                !
 --------------------------------------------------------------------------------
 Trust Radius=3.00D-01 FncErr=1.00D-07 GrdErr=1.00D-06
 Number of steps in this run=    100 maximum allowed number of steps=    100.
 GradGradGradGradGradGradGradGradGradGradGradGradGradGradGradGradGradGrad

 Leave Link  103 at Sat May 21 20:33:47 2016, MaxMem=  3221225472 cpu:         0.0
 (Enter /usr/local/Gaussian/gaussian-09-D01-sse4_2/g09/l202.exe)
                          Input orientation:                          
 ---------------------------------------------------------------------
 Center     Atomic      Atomic             Coordinates (Angstroms)
 Number     Number       Type             X           Y           Z
 ---------------------------------------------------------------------
      1         28           0        0.112165   -0.354259   -0.207232
      2         17           0        0.855190    0.332516    1.678465
      3         17           0       -1.998668   -0.677395   -0.067343
      4         17           0        1.081538   -2.188945   -0.730532
      5          8           0        0.449159    0.889945   -1.477859
      6          1           0        1.409159    0.889945   -1.477859
      7          1           0        0.128704    1.794881   -1.477859
 ---------------------------------------------------------------------
                    Distance matrix (angstroms):
                    1          2          3          4          5
     1  Ni   0.000000
     2  Cl   2.140000   0.000000
     3  Cl   2.140000   3.494605   0.000000
     4  Cl   2.140000   3.494605   3.494606   0.000000
     5  O    1.810000   3.230785   3.230784   3.230784   0.000000
     6  H    2.201074   3.252690   4.007417   3.185184   0.960000
     7  H    2.496711   3.553685   3.553508   4.163803   0.960000
                    6          7
     6  H    0.000000
     7  H    1.567952   0.000000
 Stoichiometry    Cl3H2NiO(2+,3)
 Framework group  C1[X(Cl3H2NiO)]
 Deg. of freedom    15
 Full point group                 C1      NOp   1
 Largest Abelian subgroup         C1      NOp   1
 Largest concise Abelian subgroup C1      NOp   1
                         Standard orientation:                         
 ---------------------------------------------------------------------
 Center     Atomic      Atomic             Coordinates (Angstroms)
 Number     Number       Type             X           Y           Z
 ---------------------------------------------------------------------
      1         28           0        0.001545   -0.000675    0.197276
      2         17           0       -0.232558    1.971705   -0.599288
      3         17           0        1.861390   -0.823064   -0.469246
      4         17           0       -1.608442   -1.238349   -0.477783
      5          8           0       -0.011781    0.073487    2.005707
      6          1           0       -0.902697    0.393683    2.164903
      7          1           0        0.607044    0.562380    2.553100
 ---------------------------------------------------------------------
 Rotational constants (GHZ):      1.5804900      1.5763441      1.1791743
 Leave Link  202 at Sat May 21 20:33:47 2016, MaxMem=  3221225472 cpu:         0.0
 (Enter /usr/local/Gaussian/gaussian-09-D01-sse4_2/g09/l301.exe)
 Standard basis: def2TZVP (5D, 7F)
 Ernie: Thresh=  0.10000D-02 Tol=  0.10000D-05 Strict=F.
 The combination of multiplicity 3 and    87 electrons is impossible.
 Error termination via Lnk1e in /usr/local/Gaussian/gaussian-09-D01-sse4_2/g09/l301.exe at Sat May 21 20:33:47 2016.
 Job cpu time:       0 days  0 hours  0 minutes  1.8 seconds.
 File lengths (MBytes):  RWF=      5 Int=      0 D2E=      0 Chk=      2 Scr=      1
