 Entering Gaussian System, Link 0=g16
 Initial command:
 /mf/frisch/g16/l1.exe "/altuv/s0/scratch/Gau-39001.inp" -scrdir="/altuv/s0/scratch"
 Default CPUs for threads: 0
 Entering Link 1 = /mf/frisch/g16/l1.exe PID=     39002.
  
 Copyright (c) 1988,1990,1992,1993,1995,1998,2003,2009,2016,
            Gaussian, Inc.  All Rights Reserved.
  
 This is part of the Gaussian(R) 16 program.  It is based on
 the Gaussian(R) 09 system (copyright 2009, Gaussian, Inc.),
 the Gaussian(R) 03 system (copyright 2003, Gaussian, Inc.),
 the Gaussian(R) 98 system (copyright 1998, Gaussian, Inc.),
 the Gaussian(R) 94 system (copyright 1995, Gaussian, Inc.),
 the Gaussian 92(TM) system (copyright 1992, Gaussian, Inc.),
 the Gaussian 90(TM) system (copyright 1990, Gaussian, Inc.),
 the Gaussian 88(TM) system (copyright 1988, Gaussian, Inc.),
 the Gaussian 86(TM) system (copyright 1986, Carnegie Mellon
 University), and the Gaussian 82(TM) system (copyright 1983,
 Carnegie Mellon University). Gaussian is a federally registered
 trademark of Gaussian, Inc.
  
 This software contains proprietary and confidential information,
 including trade secrets, belonging to Gaussian, Inc.
  
 This software is provided under written license and may be
 used, copied, transmitted, or stored only in accord with that
 written license.
  
 The following legend is applicable only to US Government
 contracts under FAR:
  
                    RESTRICTED RIGHTS LEGEND
  
 Use, reproduction and disclosure by the US Government is
 subject to restrictions as set forth in subparagraphs (a)
 and (c) of the Commercial Computer Software - Restricted
 Rights clause in FAR 52.227-19.
  
 Gaussian, Inc.
 340 Quinnipiac St., Bldg. 40, Wallingford CT 06492
  
  
 ---------------------------------------------------------------
 Warning -- This program may not be used in any manner that
 competes with the business of Gaussian, Inc. or will provide
 assistance to any competitor of Gaussian, Inc.  The licensee
 of this program is prohibited from giving any competitor of
 Gaussian, Inc. access to this program.  By using this program,
 the user acknowledges that Gaussian, Inc. is engaged in the
 business of creating and licensing software in the field of
 computational chemistry and represents and warrants to the
 licensee that it is not a competitor of Gaussian, Inc. and that
 it will not use this program in any manner prohibited above.
 ---------------------------------------------------------------
  

 Cite this work as:
 Gaussian 16, Revision A.03,
 M. J. Frisch, G. W. Trucks, H. B. Schlegel, G. E. Scuseria, 
 M. A. Robb, J. R. Cheeseman, G. Scalmani, V. Barone, 
 G. A. Petersson, H. Nakatsuji, X. Li, M. Caricato, A. Marenich, 
 J. Bloino, B. G. Janesko, R. Gomperts, B. Mennucci, H. P. Hratchian, 
 J. V. Ortiz, A. F. Izmaylov, J. L. Sonnenberg, D. Williams-Young, 
 F. Ding, F. Lipparini, F. Egidi, J. Goings, B. Peng, A. Petrone, 
 T. Henderson, D. Ranasinghe, V. G. Zakrzewski, J. Gao, N. Rega, 
 G. Zheng, W. Liang, M. Hada, M. Ehara, K. Toyota, R. Fukuda, 
 J. Hasegawa, M. Ishida, T. Nakajima, Y. Honda, O. Kitao, H. Nakai, 
 T. Vreven, K. Throssell, J. A. Montgomery, Jr., J. E. Peralta, 
 F. Ogliaro, M. Bearpark, J. J. Heyd, E. Brothers, K. N. Kudin, 
 V. N. Staroverov, T. Keith, R. Kobayashi, J. Normand, 
 K. Raghavachari, A. Rendell, J. C. Burant, S. S. Iyengar, J. Tomasi, 
 M. Cossi, J. M. Millam, M. Klene, C. Adamo, R. Cammi, 
 J. W. Ochterski, R. L. Martin, K. Morokuma, O. Farkas, 
 J. B. Foresman, and D. J. Fox, Gaussian, Inc., Wallingford CT, 2016.
 
 ******************************************
 Gaussian 16:  ES64L-G16RevA.03 28-Nov-2016
                28-Nov-2016 
 ******************************************
 SetSPE:  set environment variable "MP_BIND" = "yes"
 SetSPE:  set environment variable "MP_BLIST" = "0"
 -----------------------------------------
 #P TEST STO-3G COMPLEX pop=full scf=tight
 -----------------------------------------
 1/38=1,172=1/1;
 2/12=2,17=6,18=5,40=1/2;
 3/6=3,11=9,25=1,30=1,116=5/1,2,3;
 4//1;
 5/5=2,32=2,38=5/2;
 6/7=3,28=1/1;
 99/5=1,9=1/99;
 Leave Link    1 at Mon Nov 28 10:02:58 2016, MaxMem=           0 cpu:               0.1 elap:               0.1
 (Enter /mf/frisch/g16/l101.exe)
 ----------------------------------------------------------
 Gaussian Test Job 01 SINGLET DELTA STO-3G//STO-3G DIOXYGEN
 ----------------------------------------------------------
 Symbolic Z-matrix:
 Charge =  0 Multiplicity = 1
 O
 O                    1    R
       Variables:
  R                     1.22                     
 
 ITRead=  0  0
 MicOpt= -1 -1
 NAtoms=      2 NQM=        2 NQMF=       0 NMMI=      0 NMMIF=      0
                NMic=       0 NMicF=      0.
                    Isotopes and Nuclear Properties:
 (Nuclear quadrupole moments (NQMom) in fm**2, nuclear magnetic moments (NMagM)
  in nuclear magnetons)

  Atom         1           2
 IAtWgt=          16          16
 AtmWgt=  15.9949146  15.9949146
 NucSpn=           0           0
 AtZEff=  -0.0000000  -0.0000000
 NQMom=    0.0000000   0.0000000
 NMagM=    0.0000000   0.0000000
 AtZNuc=   8.0000000   8.0000000
 Leave Link  101 at Mon Nov 28 10:02:58 2016, MaxMem=   104857600 cpu:               0.2 elap:               0.2
 (Enter /mf/frisch/g16/l202.exe)
                          Input orientation:                          
 ---------------------------------------------------------------------
 Center     Atomic      Atomic             Coordinates (Angstroms)
 Number     Number       Type             X           Y           Z
 ---------------------------------------------------------------------
      1          8           0        0.000000    0.000000    0.000000
      2          8           0        0.000000    0.000000    1.220000
 ---------------------------------------------------------------------
 Stoichiometry    O2
 Framework group  D*H[C*(O.O)]
 Deg. of freedom     1
 Full point group                 D*H     NOp   8
 Largest Abelian subgroup         D2H     NOp   8
 Largest concise Abelian subgroup C2      NOp   2
                         Standard orientation:                         
 ---------------------------------------------------------------------
 Center     Atomic      Atomic             Coordinates (Angstroms)
 Number     Number       Type             X           Y           Z
 ---------------------------------------------------------------------
      1          8           0        0.000000    0.000000    0.610000
      2          8           0        0.000000    0.000000   -0.610000
 ---------------------------------------------------------------------
 Rotational constants (GHZ):           0.0000000          42.4566386          42.4566386
 Leave Link  202 at Mon Nov 28 10:02:58 2016, MaxMem=   104857600 cpu:               0.0 elap:               0.0
 (Enter /mf/frisch/g16/l301.exe)
 Standard basis: STO-3G (5D, 7F)
 Ernie: Thresh=  0.10000D-02 Tol=  0.10000D-05 Strict=F.
 There are     3 symmetry adapted cartesian basis functions of AG  symmetry.
 There are     0 symmetry adapted cartesian basis functions of B1G symmetry.
 There are     1 symmetry adapted cartesian basis functions of B2G symmetry.
 There are     1 symmetry adapted cartesian basis functions of B3G symmetry.
 There are     0 symmetry adapted cartesian basis functions of AU  symmetry.
 There are     3 symmetry adapted cartesian basis functions of B1U symmetry.
 There are     1 symmetry adapted cartesian basis functions of B2U symmetry.
 There are     1 symmetry adapted cartesian basis functions of B3U symmetry.
 There are     3 symmetry adapted basis functions of AG  symmetry.
 There are     0 symmetry adapted basis functions of B1G symmetry.
 There are     1 symmetry adapted basis functions of B2G symmetry.
 There are     1 symmetry adapted basis functions of B3G symmetry.
 There are     0 symmetry adapted basis functions of AU  symmetry.
 There are     3 symmetry adapted basis functions of B1U symmetry.
 There are     1 symmetry adapted basis functions of B2U symmetry.
 There are     1 symmetry adapted basis functions of B3U symmetry.
    10 basis functions,    30 primitive gaussians,    10 cartesian basis functions
     8 alpha electrons        8 beta electrons
       nuclear repulsion energy        27.7601159827 Hartrees.
 IExCor=    0 DFT=F Ex=HF Corr=None ExCW=0 ScaHFX=  1.000000
 ScaDFX=  1.000000  1.000000  1.000000  1.000000 ScalE2=  1.000000  1.000000
 IRadAn=      5 IRanWt=     -1 IRanGd=            0 ICorTp=0 IEmpDi=  4
 NAtoms=    2 NActive=    2 NUniq=    1 SFac= 4.00D+00 NAtFMM=   60 NAOKFM=F Big=F
 Integral buffers will be    131072 words long.
 Raffenetti 3 integral format.
 Two-electron integral symmetry is turned on.
 Leave Link  301 at Mon Nov 28 10:02:58 2016, MaxMem=   104857600 cpu:               0.1 elap:               0.1
 (Enter /mf/frisch/g16/l302.exe)
 NPDir=0 NMtPBC=     1 NCelOv=     1 NCel=       1 NClECP=     1 NCelD=      1
         NCelK=      1 NCelE2=     1 NClLst=     1 CellRange=     0.0.
 One-electron integrals computed using PRISM.
 One-electron integral symmetry used in STVInt
 NBasis=    10 RedAO= T EigKep=  3.69D-01  NBF=     3     0     1     1     0     3     1     1
 NBsUse=    10 1.00D-06 EigRej= -1.00D+00 NBFU=     3     0     1     1     0     3     1     1
 Leave Link  302 at Mon Nov 28 10:02:59 2016, MaxMem=   104857600 cpu:               0.2 elap:               0.2
 (Enter /mf/frisch/g16/l303.exe)
 DipDrv:  MaxL=1.
 Leave Link  303 at Mon Nov 28 10:02:59 2016, MaxMem=   104857600 cpu:               0.1 elap:               0.1
 (Enter /mf/frisch/g16/l401.exe)
 ExpMin= 3.80D-01 ExpMax= 1.31D+02 ExpMxC= 1.31D+02 IAcc=3 IRadAn=         5 AccDes= 0.00D+00
 Harris functional with IExCor=  205 and IRadAn=       5 diagonalized for initial guess.
 HarFok:  IExCor=  205 AccDes= 0.00D+00 IRadAn=         5 IDoV= 1 UseB2=F ITyADJ=14
 ICtDFT=  3500011 ScaDFX=  1.000000  1.000000  1.000000  1.000000
 FoFCou: FMM=F IPFlag=           0 FMFlag=      100000 FMFlg1=           0
         NFxFlg=           0 DoJE=T BraDBF=F KetDBF=T FulRan=T
         wScrn=  0.000000 ICntrl=       500 IOpCl=  0 I1Cent=   200000004 NGrid=           0
         NMat0=    1 NMatS0=      1 NMatT0=    0 NMatD0=    1 NMtDS0=    0 NMtDT0=    0
 Petite list used in FoFCou.
 Harris En= -147.511058023120    
 JPrj=0 DoOrth=F DoCkMO=T.
 Mixing orbitals, IMix= 2 IMixAn=  0 NRI=2 NE=    8 Coef=  7.07106781D-01  7.07106781D-01
 Initial guess <Sx>= 0.0000 <Sy>= 0.0000 <Sz>= 0.0000 <S**2>= 0.0000 S= 0.0000
 Leave Link  401 at Mon Nov 28 10:02:59 2016, MaxMem=   104857600 cpu:               0.2 elap:               0.2
 (Enter /mf/frisch/g16/l502.exe)
 Keep R1 and R3 ints in memory in symmetry-blocked form, NReq=804736.
 FoFCou: FMM=F IPFlag=           0 FMFlag=           0 FMFlg1=           0
         NFxFlg=           0 DoJE=F BraDBF=F KetDBF=F FulRan=T
         wScrn=  0.000000 ICntrl=       600 IOpCl=  0 I1Cent=           0 NGrid=           0
         NMat0=    1 NMatS0=     55 NMatT0=    0 NMatD0=    1 NMtDS0=    0 NMtDT0=    0
 Petite list used in FoFCou.
 Complex closed shell SCF:
 Using DIIS extrapolation, IDIIS=  1040.
 NGot=   104857600 LenX=   104853720 LenY=   104852397
 Requested convergence on RMS density matrix=1.00D-08 within 128 cycles.
 Requested convergence on MAX density matrix=1.00D-06.
 Requested convergence on             energy=1.00D-06.
 No special actions if energy rises.
 An orbital has undefined symmetry, so N**3 symmetry is turned off.

 Cycle   1  Pass 1  IDiag  1:
 Density matrix breaks symmetry, PCut= 1.00D-07
 Density matrix has no symmetry -- integrals replicated.
 E= -147.577080231926    
 DIIS: error= 2.71D-02 at cycle   1 NSaved=   1.
 NSaved= 1 IEnMin= 1 EnMin= -147.577080231926     IErMin= 1 ErrMin= 2.71D-02
 ErrMax= 2.71D-02  0.00D+00 EMaxC= 1.00D-01 BMatC= 7.39D-03 BMatP= 7.39D-03
 IDIUse=3 WtCom= 7.29D-01 WtEn= 2.71D-01
 Coeff-Com:  0.100D+01
 Coeff-En:   0.100D+01
 Coeff:      0.100D+01
 Gap=     0.572 Goal=   None    Shift=    0.000
 GapD=    0.572 DampG=2.000 DampE=0.500 DampFc=1.0000 IDamp=-1.
 RMSDP=4.37D-03 MaxDP=1.39D-02              OVMax= 0.00D+00

 Cycle   2  Pass 1  IDiag  1:
 Density matrix breaks symmetry, PCut= 1.00D-07
 Density matrix has no symmetry -- integrals replicated.
 E= -147.578444399604     Delta-E=       -0.001364167678 Rises=F Damp=F
 DIIS: error= 3.52D-03 at cycle   2 NSaved=   2.
 NSaved= 2 IEnMin= 2 EnMin= -147.578444399604     IErMin= 2 ErrMin= 3.52D-03
 ErrMax= 3.52D-03  0.00D+00 EMaxC= 1.00D-01 BMatC= 1.07D-04 BMatP= 7.39D-03
 IDIUse=3 WtCom= 9.65D-01 WtEn= 3.52D-02
 Coeff-Com: -0.993D-01 0.110D+01
 Coeff-En:   0.000D+00 0.100D+01
 Coeff:     -0.958D-01 0.110D+01
 Gap=     0.572 Goal=   None    Shift=    0.000
 RMSDP=1.13D-03 MaxDP=3.68D-03 DE=-1.36D-03 OVMax= 0.00D+00

 Cycle   3  Pass 1  IDiag  1:
 Density matrix breaks symmetry, PCut= 1.00D-07
 Density matrix has no symmetry -- integrals replicated.
 E= -147.578509321794     Delta-E=       -0.000064922191 Rises=F Damp=F
 DIIS: error= 4.49D-04 at cycle   3 NSaved=   3.
 NSaved= 3 IEnMin= 3 EnMin= -147.578509321794     IErMin= 3 ErrMin= 4.49D-04
 ErrMax= 4.49D-04  0.00D+00 EMaxC= 1.00D-01 BMatC= 2.27D-06 BMatP= 1.07D-04
 IDIUse=3 WtCom= 9.96D-01 WtEn= 4.49D-03
 Coeff-Com:  0.120D-01-0.250D+00 0.124D+01
 Coeff-En:   0.000D+00 0.000D+00 0.100D+01
 Coeff:      0.119D-01-0.249D+00 0.124D+01
 Gap=     0.572 Goal=   None    Shift=    0.000
 RMSDP=2.16D-04 MaxDP=7.06D-04 DE=-6.49D-05 OVMax= 0.00D+00

 Cycle   4  Pass 1  IDiag  1:
 Density matrix breaks symmetry, PCut= 1.00D-07
 Density matrix has no symmetry -- integrals replicated.
 E= -147.578511032085     Delta-E=       -0.000001710290 Rises=F Damp=F
 DIIS: error= 4.91D-07 at cycle   4 NSaved=   4.
 NSaved= 4 IEnMin= 4 EnMin= -147.578511032085     IErMin= 4 ErrMin= 4.91D-07
 ErrMax= 4.91D-07  0.00D+00 EMaxC= 1.00D-01 BMatC= 2.49D-12 BMatP= 2.27D-06
 IDIUse=1 WtCom= 1.00D+00 WtEn= 0.00D+00
 Coeff-Com:  0.851D-06-0.547D-04-0.716D-03 0.100D+01
 Coeff:      0.851D-06-0.547D-04-0.716D-03 0.100D+01
 Gap=     0.572 Goal=   None    Shift=    0.000
 RMSDP=2.23D-07 MaxDP=7.29D-07 DE=-1.71D-06 OVMax= 0.00D+00

 Cycle   5  Pass 1  IDiag  1:
 Density matrix breaks symmetry, PCut= 1.00D-07
 Density matrix has no symmetry -- integrals replicated.
 E= -147.578511032086     Delta-E=       -0.000000000002 Rises=F Damp=F
 DIIS: error= 6.41D-11 at cycle   5 NSaved=   5.
 NSaved= 5 IEnMin= 5 EnMin= -147.578511032086     IErMin= 5 ErrMin= 6.41D-11
 ErrMax= 6.41D-11  0.00D+00 EMaxC= 1.00D-01 BMatC= 5.65D-20 BMatP= 2.49D-12
 IDIUse=1 WtCom= 1.00D+00 WtEn= 0.00D+00
 Large coefficients: NSaved=  5 BigCof=    0.00 CofMax=   10.00 Det=-5.89D-29
 Inversion failed.  Reducing to  4 matrices.
 Coeff-Com: -0.502D-08 0.719D-06-0.517D-03 0.100D+01
 Coeff:     -0.502D-08 0.719D-06-0.517D-03 0.100D+01
 Gap=     0.572 Goal=   None    Shift=    0.000
 RMSDP=3.33D-11 MaxDP=1.09D-10 DE=-1.65D-12 OVMax= 0.00D+00

 Density matrix breaks symmetry, PCut= 1.00D-07
 Density matrix has no symmetry -- integrals replicated.
 SCF Done:  E(CRHF) =  -147.578511032     A.U. after    5 cycles
            NFock=  5  Conv=0.33D-10     -V/T= 2.0109
 KE= 1.459836914418D+02 PE=-4.057231405007D+02 EE= 8.440082204412D+01
 Leave Link  502 at Mon Nov 28 10:02:59 2016, MaxMem=   104857600 cpu:               0.2 elap:               0.2
 (Enter /mf/frisch/g16/l601.exe)
 Copying SCF densities to generalized density rwf, IOpCl= 2 IROHF=0.
 SCF density gives NOpUse=  1 NOpAll=  8.
 Marking SCF density as not fully symmetric.

 **********************************************************************

            Population analysis using the SCF density.

 **********************************************************************

 Orbital symmetries:
       Occupied  (SGU) (SGG) (SGG) (SGU) (SGU) (SGG) (SGU) (SGG)
       Virtual   (SGG) (SGU)
 Alpha  occ. eigenvalues --  -20.42283 -20.42220  -1.54274  -0.99559  -0.66338
 Alpha  occ. eigenvalues --   -0.57808  -0.48357  -0.36051
 Alpha virt. eigenvalues --    0.21109   0.71386
     Molecular Orbital Coefficients (Real Part):
                           1         2         3         4         5
                       (SGU)--O  (SGG)--O  (SGG)--O  (SGU)--O  (SGU)--O
     Eigenvalues --   -20.42283 -20.42220  -1.54274  -0.99559  -0.66338
   1 1   O  1S          0.70297   0.70367  -0.16926  -0.18557   0.00000
   2        2S          0.01949   0.01273   0.57792   0.77599  -0.00000
   3        2PX        -0.00000  -0.00000   0.00000   0.00000   0.46671
   4        2PY         0.00000  -0.00000  -0.00000   0.00000  -0.00000
   5        2PZ        -0.00549  -0.00006  -0.16830   0.15497  -0.00000
   6 2   O  1S         -0.70297   0.70367  -0.16926   0.18557   0.00000
   7        2S         -0.01949   0.01273   0.57792  -0.77599  -0.00000
   8        2PX         0.00000  -0.00000  -0.00000  -0.00000   0.46671
   9        2PY        -0.00000  -0.00000  -0.00000  -0.00000  -0.00000
  10        2PZ        -0.00549   0.00006   0.16830   0.15497   0.00000
                           6         7         8         9        10
                       (SGG)--O  (SGU)--O  (SGG)--O  (SGG)--V  (SGU)--V
     Eigenvalues --    -0.57808  -0.48357  -0.36051   0.21109   0.71386
   1 1   O  1S         -0.06499   0.00000   0.00000  -0.00000   0.09273
   2        2S          0.32579  -0.00000  -0.00000   0.00000  -0.56453
   3        2PX         0.00000   0.46671   0.54161   0.54161   0.00000
   4        2PY         0.00000   0.00000  -0.00000   0.00000   0.00000
   5        2PZ         0.61610  -0.00000  -0.00000  -0.00000   0.93708
   6 2   O  1S         -0.06499   0.00000  -0.00000   0.00000  -0.09273
   7        2S          0.32579  -0.00000   0.00000  -0.00000   0.56453
   8        2PX         0.00000   0.46671  -0.54161  -0.54161   0.00000
   9        2PY        -0.00000   0.00000   0.00000   0.00000   0.00000
  10        2PZ        -0.61610  -0.00000  -0.00000   0.00000   0.93708
     Molecular Orbital Coefficients (Imaginary Part):
                           1         2         3         4         5
                       (SGU)--O  (SGG)--O  (SGG)--O  (SGU)--O  (SGU)--O
     Eigenvalues --   -20.42283 -20.42220  -1.54274  -0.99559  -0.66338
   1 1   O  1S          0.00000   0.00000   0.00000   0.00000  -0.00000
   2        2S         -0.00000   0.00000   0.00000   0.00000   0.00000
   3        2PX         0.00000  -0.00000  -0.00000   0.00000   0.00000
   4        2PY        -0.00000   0.00000   0.00000  -0.00000  -0.46671
   5        2PZ         0.00000  -0.00000   0.00000   0.00000   0.00000
   6 2   O  1S          0.00000  -0.00000   0.00000  -0.00000   0.00000
   7        2S          0.00000  -0.00000  -0.00000   0.00000  -0.00000
   8        2PX        -0.00000  -0.00000  -0.00000   0.00000  -0.00000
   9        2PY         0.00000  -0.00000   0.00000   0.00000  -0.46671
  10        2PZ         0.00000  -0.00000  -0.00000  -0.00000  -0.00000
                           6         7         8         9        10
                       (SGG)--O  (SGU)--O  (SGG)--O  (SGG)--V  (SGU)--V
     Eigenvalues --    -0.57808  -0.48357  -0.36051   0.21109   0.71386
   1 1   O  1S         -0.00000  -0.00000  -0.00000  -0.00000  -0.00000
   2        2S          0.00000   0.00000   0.00000   0.00000   0.00000
   3        2PX         0.00000   0.00000   0.00000   0.00000   0.00000
   4        2PY        -0.00000   0.46671  -0.54161   0.54161  -0.00000
   5        2PZ         0.00000   0.00000   0.00000   0.00000   0.00000
   6 2   O  1S         -0.00000  -0.00000   0.00000  -0.00000   0.00000
   7        2S          0.00000   0.00000  -0.00000   0.00000  -0.00000
   8        2PX         0.00000  -0.00000   0.00000   0.00000  -0.00000
   9        2PY        -0.00000   0.46671   0.54161  -0.54161   0.00000
  10        2PZ         0.00000  -0.00000  -0.00000   0.00000  -0.00000
     Density Matrix (Real Part):
                           1         2         3         4         5
   1 1   O  1S          2.11328
   2        2S         -0.48068   2.08566
   3        2PX         0.00000   0.00000   1.45795
   4        2PY         0.00000   0.00000  -0.00000   1.45795
   5        2PZ        -0.08843   0.44721  -0.00000  -0.00000   0.86389
   6 2   O  1S         -0.00117   0.04054  -0.00000  -0.00000   0.04204
   7        2S          0.04054  -0.32449  -0.00000  -0.00000  -0.03339
   8        2PX        -0.00000  -0.00000   0.28460  -0.00000  -0.00000
   9        2PY        -0.00000  -0.00000  -0.00000   0.28460  -0.00000
  10        2PZ        -0.04204   0.03339   0.00000  -0.00000  -0.76770
                           6         7         8         9        10
   6 2   O  1S          2.11328
   7        2S         -0.48068   2.08566
   8        2PX        -0.00000  -0.00000   1.45795
   9        2PY        -0.00000  -0.00000  -0.00000   1.45795
  10        2PZ         0.08843  -0.44721  -0.00000  -0.00000   0.86389
     Density Matrix (Imaginary Part):
                           1         2         3         4         5
   1 1   O  1S         -0.00000
   2        2S         -0.00000  -0.00000
   3        2PX         0.00000  -0.00000   0.00000
   4        2PY         0.00000   0.00000   0.58668   0.00000
   5        2PZ         0.00000  -0.00000  -0.00000  -0.00000  -0.00000
   6 2   O  1S         -0.00000  -0.00000  -0.00000   0.00000  -0.00000
   7        2S          0.00000  -0.00000  -0.00000   0.00000   0.00000
   8        2PX         0.00000   0.00000   0.00000   0.58668  -0.00000
   9        2PY         0.00000  -0.00000  -0.58668   0.00000  -0.00000
  10        2PZ        -0.00000   0.00000   0.00000   0.00000   0.00000
                           6         7         8         9        10
   6 2   O  1S          0.00000
   7        2S          0.00000   0.00000
   8        2PX         0.00000  -0.00000  -0.00000
   9        2PY         0.00000   0.00000   0.58668  -0.00000
  10        2PZ        -0.00000   0.00000  -0.00000  -0.00000   0.00000
    Full Mulliken population analysis:
                           1         2         3         4         5
   1 1   O  1S          2.11328
   2        2S         -0.11378   2.08566
   3        2PX         0.00000   0.00000   1.45795
   4        2PY         0.00000   0.00000  -0.00000   1.45795
   5        2PZ         0.00000   0.00000   0.00000   0.00000   0.86389
   6 2   O  1S         -0.00000   0.00089   0.00000   0.00000  -0.00156
   7        2S          0.00089  -0.08906   0.00000   0.00000   0.01055
   8        2PX         0.00000  -0.00000   0.04205   0.00000   0.00000
   9        2PY        -0.00000  -0.00000   0.00000   0.04205   0.00000
  10        2PZ        -0.00156   0.01055  -0.00000   0.00000   0.23404
                           6         7         8         9        10
   6 2   O  1S          2.11328
   7        2S         -0.11378   2.08566
   8        2PX         0.00000   0.00000   1.45795
   9        2PY         0.00000   0.00000   0.00000   1.45795
  10        2PZ         0.00000   0.00000   0.00000   0.00000   0.86389
     Gross orbital populations:
                           1
   1 1   O  1S          1.99883
   2        2S          1.89426
   3        2PX         1.50000
   4        2PY         1.50000
   5        2PZ         1.10692
   6 2   O  1S          1.99883
   7        2S          1.89426
   8        2PX         1.50000
   9        2PY         1.50000
  10        2PZ         1.10692
          Condensed to atoms (all electrons):
               1          2
     1  O    7.751175   0.248825
     2  O    0.248825   7.751175
 Mulliken charges:
               1
     1  O    0.000000
     2  O    0.000000
 Sum of Mulliken charges =   0.00000
 Mulliken charges with hydrogens summed into heavy atoms:
               1
     1  O    0.000000
     2  O    0.000000
 Electronic spatial extent (au):  <R**2>=             41.0703
 Charge=              0.0000 electrons
 Dipole moment (field-independent basis, Debye):
    X=             -0.0000    Y=              0.0000    Z=             -0.0000  Tot=              0.0000
 Quadrupole moment (field-independent basis, Debye-Ang):
   XX=             -8.4769   YY=             -8.4769   ZZ=             -9.6909
   XY=              0.0000   XZ=             -0.0000   YZ=             -0.0000
 Traceless Quadrupole moment (field-independent basis, Debye-Ang):
   XX=              0.4047   YY=              0.4047   ZZ=             -0.8094
   XY=              0.0000   XZ=             -0.0000   YZ=             -0.0000
 Octapole moment (field-independent basis, Debye-Ang**2):
  XXX=             -0.0000  YYY=              0.0000  ZZZ=             -0.0000  XYY=             -0.0000
  XXY=              0.0000  XXZ=             -0.0000  XZZ=             -0.0000  YZZ=              0.0000
  YYZ=             -0.0000  XYZ=             -0.0000
 Hexadecapole moment (field-independent basis, Debye-Ang**3):
 XXXX=             -3.9643 YYYY=             -3.9643 ZZZZ=            -23.7357 XXXY=              0.0000
 XXXZ=              0.0000 YYYX=              0.0000 YYYZ=             -0.0000 ZZZX=              0.0000
 ZZZY=             -0.0000 XXYY=             -1.3214 XXZZ=             -4.6103 YYZZ=             -4.6103
 XXYZ=             -0.0000 YYXZ=              0.0000 ZZXY=              0.0000
 N-N= 2.776011598269D+01 E-N=-4.057231405003D+02  KE= 1.459836914418D+02
 Symmetry AG   KE= 6.743437723590D+01
 Symmetry B1G  KE= 0.000000000000D+00
 Symmetry B2G  KE= 2.898949362814D+00
 Symmetry B3G  KE= 2.898949362814D+00
 Symmetry AU   KE= 0.000000000000D+00
 Symmetry B1U  KE= 6.373611034475D+01
 Symmetry B2U  KE= 4.507652567747D+00
 Symmetry B3U  KE= 4.507652567747D+00
 Cannot compute kinetic energies for complex orbitals or PBC.
 No NMR shielding tensors so no spin-rotation constants.
 Leave Link  601 at Mon Nov 28 10:02:59 2016, MaxMem=   104857600 cpu:               0.1 elap:               0.2
 (Enter /mf/frisch/g16/l9999.exe)

 Test job not archived.
 1\1\GINC-ALTUV\SP\CRHF\STO-3G\O2\FRISCH\28-Nov-2016\0\\#P TEST STO-3G 
 COMPLEX pop=full scf=tight\\Gaussian Test Job 01 SINGLET DELTA STO-3G/
 /STO-3G DIOXYGEN\\0,1\O\O,1,1.22\\Version=ES64L-G16RevA.03\HF=-147.578
 511\RMSD=3.325e-11\Dipole=0.,0.,0.\Quadrupole=0.300867,0.300867,-0.601
 734,0.,0.,0.\PG=D*H [C*(O1.O1)]\\@


 TELEVISION IS CALLED A MEDIUM BECAUSE IT ISN'T
 RARE, AND IT ISN'T WELL DONE.
 Job cpu time:       0 days  0 hours  0 minutes  1.4 seconds.
 Elapsed time:       0 days  0 hours  0 minutes  1.3 seconds.
 File lengths (MBytes):  RWF=      6 Int=      0 D2E=      0 Chk=      1 Scr=      1
 Normal termination of Gaussian 16 at Mon Nov 28 10:02:59 2016.
